2019/09/20 11:54:09 log_fmt_MultiWriter.go:30: check to make sure it works
2019/09/20 11:54:09 log_fmt_MultiWriter.go:49: --> logger :  check to make sure it works
